05:12:04 | features BTCUSDT: 236640 bars
05:12:08 | features ETHUSDT: 236640 bars
05:12:13 | features SOLUSDT: 211940 bars
05:12:16 | features SUIUSDT: 119648 bars
05:12:21 | features TRXUSDT: 235264 bars
05:12:24 | features AAVEUSDT: 208868 bars
05:12:28 | features BNBUSDT: 232768 bars
05:12:34 | features XRPUSDT: 236127 bars
05:12:35 | features HYPEUSDT: 46902 bars
05:12:40 | features LINKUSDT: 235072 bars
05:12:44 | features ADAUSDT: 233728 bars
05:12:48 | features UNIUSDT: 211556 bars
05:12:52 | features LTCUSDT: 235840 bars
05:12:56 | features AVAXUSDT: 211076 bars
05:12:57 | features ATOMUSDT: 233040 bars
05:12:59 | features DOGEUSDT: 218268 bars
05:13:00 | features DOTUSDT: 214148 bars
05:13:02 | features NEARUSDT: 208960 bars
05:13:03 | features OPUSDT: 151912 bars
05:13:04 | features ARBUSDT: 123588 bars
05:13:05 | features WLDUSDT: 111792 bars
05:13:05 | features CAKEUSDT: 102093 bars
05:13:05 | features POLUSDT: 71759 bars
