06:07:53 | panels: 14 724698 rows, 23 1084455 rows, 9 419037 rows
06:08:05 | features ready
06:09:36 | walk-forward scores ready
06:09:38 | CURRENT_P6: DEV $30k->109,771 sharpe 1.64 | last12 $30k->28,351 | unseen9 +1.653
06:09:39 | I2_23coins: DEV $30k->114,435 sharpe 1.67 | last12 $30k->32,690 | unseen9 +0.525
06:09:40 | I3a_reversal_guard: DEV $30k->107,126 sharpe 1.62 | last12 $30k->28,351 | unseen9 +1.641
06:09:41 | I3b_dispersion_guard: DEV $30k->92,600 sharpe 1.54 | last12 $30k->27,725 | unseen9 +1.437
06:09:42 | I4_xgboost: DEV $30k->57,759 sharpe 0.89 | last12 $30k->31,090 | unseen9 +1.531
06:09:43 | I4_catboost: DEV $30k->68,753 sharpe 1.10 | last12 $30k->30,675 | unseen9 +1.636
06:09:44 | X1_weekly: DEV $30k->53,494 sharpe 0.82 | last12 $30k->35,252 | unseen9 +1.770
06:09:45 | X2_residual_momentum: DEV $30k->110,228 sharpe 1.64 | last12 $30k->28,710 | unseen9 +1.607
06:09:46 | X3_ensemble_rules: DEV $30k->99,205 sharpe 1.78 | last12 $30k->34,977 | unseen9 +1.432
06:09:47 | X4_maker_only: DEV $30k->91,278 sharpe 1.64 | last12 $30k->28,768 | unseen9 +1.534
                name    dev_30k  dev_sharpe  dev_max_dd  dev_gate  info_30k  last12_30k  unseen9_30k  unseen9_net_x15  unseen9_pass  better_than_current  trades_per_month  costs_per_month_30k
          CURRENT_P6 109,770.68        1.64        0.16      True 42,753.06   28,350.73   137,390.26             1.65          True                False             94.25                49.16
          I2_23coins 114,434.95        1.67        0.16      True 41,790.31   32,690.20          NaN             0.53          True                 True            112.79                47.66
  I3a_reversal_guard 107,125.73        1.62        0.16      True 42,991.47   28,350.73   135,853.68             1.64          True                False             93.75                48.84
I3b_dispersion_guard  92,599.96        1.54        0.16      True 38,958.08   27,724.81   112,883.52             1.44          True                False             87.03                40.82
          I4_xgboost  57,759.44        0.89        0.21      True 41,065.60   31,089.66   121,290.99             1.53          True                False             90.96                50.39
         I4_catboost  68,752.87        1.10        0.21      True 40,474.02   30,674.95   134,057.39             1.64          True                False             88.08                47.02
           X1_weekly  53,494.13        0.82        0.40      True 57,660.44   35,251.90   149,808.93             1.77          True                False             41.65                23.35
X2_residual_momentum 110,228.23        1.64        0.15      True 42,113.84   28,710.46   131,258.73             1.61          True                False             93.78                49.16
   X3_ensemble_rules  99,205.22        1.78        0.13      True 44,450.16   34,976.88   114,883.77             1.43          True                False             85.55                34.12
       X4_maker_only  91,278.19        1.64        0.13      True 43,325.46   28,768.39   122,983.04             1.53          True                False            124.03                13.94
PBO across candidates: 0.29; trials counted: 154
