2026-10-06 03:42:37 | INFO    | schema ready
2026-10-06 03:42:37 | INFO    | restored: cash 30000.00, positions {}, halted False
2026-10-06 03:42:38 | INFO    | model trained up to 2026-10-01 00:00:00+00:00
2026-10-06 03:42:38 | INFO    | [paper_book] connected
2026-10-06 03:42:38 | INFO    | [paper_market] connected
2026-10-06 04:00:41 | INFO    | schema ready
2026-10-06 04:00:41 | INFO    | restored: cash 30000.00, positions {}, halted False
2026-10-06 04:00:41 | INFO    | model trained up to 2026-10-01 00:00:00+00:00
2026-10-06 04:00:41 | INFO    | monitor: training shadow model for 2025-08-01
2026-10-06 04:00:42 | INFO    | [paper_book] connected
2026-10-06 04:00:42 | INFO    | [paper_market] connected
2026-10-06 04:02:00 | INFO    | monitor: training shadow model for 2025-09-01
2026-10-06 04:03:27 | INFO    | monitor: training shadow model for 2025-10-01
2026-10-06 04:04:56 | INFO    | monitor: training shadow model for 2025-11-01
2026-10-06 04:06:28 | INFO    | monitor: training shadow model for 2025-12-01
2026-10-06 04:07:55 | INFO    | monitor: training shadow model for 2026-01-01
2026-10-06 04:09:24 | INFO    | monitor: training shadow model for 2026-02-01
2026-10-06 04:10:49 | INFO    | monitor: training shadow model for 2026-03-01
2026-10-06 04:12:15 | INFO    | monitor: training shadow model for 2026-04-01
2026-10-06 04:13:46 | INFO    | monitor: training shadow model for 2026-05-01
2026-10-06 04:15:10 | INFO    | monitor: training shadow model for 2026-06-01
2026-10-06 04:16:36 | INFO    | monitor: training shadow model for 2026-07-01
2026-10-06 04:18:00 | INFO    | monitor: training shadow model for 2026-08-01
2026-10-06 04:19:21 | INFO    | monitor: training shadow model for 2026-09-01
2026-10-06 04:22:11 | INFO    | monitor: active: shadow drawdown 6.5%, 60d Sharpe 2.05
2026-10-06 04:31:30 | INFO    | model trained up to 2026-10-01 00:00:00+00:00
--- restart Tue Oct  6 04:33:33 IST 2026
2026-10-06 04:33:35 | INFO    | schema ready
2026-10-06 04:33:35 | INFO    | restored: cash 30000.00, positions {}, halted False
2026-10-06 04:33:36 | INFO    | model trained up to 2026-10-01 00:00:00+00:00
2026-10-06 04:33:36 | INFO    | [paper_market] connected
2026-10-06 04:33:36 | INFO    | [paper_book] connected
--- restart Tue Oct  6 04:40:45 IST 2026
2026-10-06 04:40:47 | INFO    | schema ready
2026-10-06 04:40:47 | INFO    | restored: cash 30000.00, positions {}, halted False
2026-10-06 04:40:49 | INFO    | model trained up to 2026-10-01 00:00:00+00:00
2026-10-06 04:40:49 | INFO    | [paper_market] connected
2026-10-06 04:40:49 | INFO    | [paper_book] connected
